Oct 07, 2025 9:49:47 PM ai.glog.service.GlogService getFromGlog
SEVERE: java.lang.IllegalStateException: Expected BEGIN_OBJECT but was STRING at line 2 column 1 path $

<!doctype html>
<html lang="en">
<head>
  <title>Server Error (500)</title>
</head>
<body>
  <h1>Server Error (500)</h1><p></p>
</body>
</html>

com.google.gson.JsonSyntaxException: java.lang.IllegalStateException: Expected BEGIN_OBJECT but was STRING at line 2 column 1 path $
	at com.google.gson.internal.bind.ReflectiveTypeAdapterFactory$Adapter.read(ReflectiveTypeAdapterFactory.java:225)
	at com.google.gson.Gson.fromJson(Gson.java:991)
	at com.google.gson.Gson.fromJson(Gson.java:956)
	at com.google.gson.Gson.fromJson(Gson.java:905)
	at ai.glog.service.GlogService.getFromGlog(GlogService.java:174)
	at ai.glog.plugins.devskim.rules.resolve.MemcpyResolver.getDetailText(MemcpyResolver.java:60)
	at ai.glog.execute.workers.TriageAndRemediationCallableWorker.call(TriageAndRemediationCallableWorker.java:69)
	at ai.glog.execute.workers.TriageAndRemediationCallableWorker.call(TriageAndRemediationCallableWorker.java:31)
	at java.base/java.util.concurrent.FutureTask.run(FutureTask.java:317)
	at java.base/java.util.concurrent.ThreadPoolExecutor.runWorker(ThreadPoolExecutor.java:1144)
	at java.base/java.util.concurrent.ThreadPoolExecutor$Worker.run(ThreadPoolExecutor.java:642)
	at java.base/java.lang.Thread.run(Thread.java:1623)
Caused by: java.lang.IllegalStateException: Expected BEGIN_OBJECT but was STRING at line 2 column 1 path $
	at com.google.gson.stream.JsonReader.beginObject(JsonReader.java:385)
	at com.google.gson.internal.bind.ReflectiveTypeAdapterFactory$Adapter.read(ReflectiveTypeAdapterFactory.java:214)
	... 11 more

Oct 07, 2025 9:49:47 PM ai.glog.service.GlogService getFromGlog
SEVERE: java.lang.IllegalStateException: Expected BEGIN_OBJECT but was STRING at line 2 column 1 path $

<!doctype html>
<html lang="en">
<head>
  <title>Server Error (500)</title>
</head>
<body>
  <h1>Server Error (500)</h1><p></p>
</body>
</html>

com.google.gson.JsonSyntaxException: java.lang.IllegalStateException: Expected BEGIN_OBJECT but was STRING at line 2 column 1 path $
	at com.google.gson.internal.bind.ReflectiveTypeAdapterFactory$Adapter.read(ReflectiveTypeAdapterFactory.java:225)
	at com.google.gson.Gson.fromJson(Gson.java:991)
	at com.google.gson.Gson.fromJson(Gson.java:956)
	at com.google.gson.Gson.fromJson(Gson.java:905)
	at ai.glog.service.GlogService.getFromGlog(GlogService.java:174)
	at ai.glog.plugins.devskim.rules.resolve.MemcpyResolver.getDetailText(MemcpyResolver.java:60)
	at ai.glog.execute.workers.TriageAndRemediationCallableWorker.call(TriageAndRemediationCallableWorker.java:69)
	at ai.glog.execute.workers.TriageAndRemediationCallableWorker.call(TriageAndRemediationCallableWorker.java:31)
	at java.base/java.util.concurrent.FutureTask.run(FutureTask.java:317)
	at java.base/java.util.concurrent.ThreadPoolExecutor.runWorker(ThreadPoolExecutor.java:1144)
	at java.base/java.util.concurrent.ThreadPoolExecutor$Worker.run(ThreadPoolExecutor.java:642)
	at java.base/java.lang.Thread.run(Thread.java:1623)
Caused by: java.lang.IllegalStateException: Expected BEGIN_OBJECT but was STRING at line 2 column 1 path $
	at com.google.gson.stream.JsonReader.beginObject(JsonReader.java:385)
	at com.google.gson.internal.bind.ReflectiveTypeAdapterFactory$Adapter.read(ReflectiveTypeAdapterFactory.java:214)
	... 11 more

Oct 07, 2025 9:49:47 PM ai.glog.service.GlogService getFromGlog
SEVERE: java.lang.IllegalStateException: Expected BEGIN_OBJECT but was STRING at line 2 column 1 path $

<!doctype html>
<html lang="en">
<head>
  <title>Server Error (500)</title>
</head>
<body>
  <h1>Server Error (500)</h1><p></p>
</body>
</html>

com.google.gson.JsonSyntaxException: java.lang.IllegalStateException: Expected BEGIN_OBJECT but was STRING at line 2 column 1 path $
	at com.google.gson.internal.bind.ReflectiveTypeAdapterFactory$Adapter.read(ReflectiveTypeAdapterFactory.java:225)
	at com.google.gson.Gson.fromJson(Gson.java:991)
	at com.google.gson.Gson.fromJson(Gson.java:956)
	at com.google.gson.Gson.fromJson(Gson.java:905)
	at ai.glog.service.GlogService.getFromGlog(GlogService.java:174)
	at ai.glog.plugins.devskim.rules.resolve.MemcpyResolver.getDetailText(MemcpyResolver.java:60)
	at ai.glog.execute.workers.TriageAndRemediationCallableWorker.call(TriageAndRemediationCallableWorker.java:69)
	at ai.glog.execute.workers.TriageAndRemediationCallableWorker.call(TriageAndRemediationCallableWorker.java:31)
	at java.base/java.util.concurrent.FutureTask.run(FutureTask.java:317)
	at java.base/java.util.concurrent.ThreadPoolExecutor.runWorker(ThreadPoolExecutor.java:1144)
	at java.base/java.util.concurrent.ThreadPoolExecutor$Worker.run(ThreadPoolExecutor.java:642)
	at java.base/java.lang.Thread.run(Thread.java:1623)
Caused by: java.lang.IllegalStateException: Expected BEGIN_OBJECT but was STRING at line 2 column 1 path $
	at com.google.gson.stream.JsonReader.beginObject(JsonReader.java:385)
	at com.google.gson.internal.bind.ReflectiveTypeAdapterFactory$Adapter.read(ReflectiveTypeAdapterFactory.java:214)
	... 11 more

Oct 07, 2025 9:49:47 PM ai.glog.service.GlogService getFromGlog
SEVERE: java.lang.IllegalStateException: Expected BEGIN_OBJECT but was STRING at line 2 column 1 path $

<!doctype html>
<html lang="en">
<head>
  <title>Server Error (500)</title>
</head>
<body>
  <h1>Server Error (500)</h1><p></p>
</body>
</html>

com.google.gson.JsonSyntaxException: java.lang.IllegalStateException: Expected BEGIN_OBJECT but was STRING at line 2 column 1 path $
	at com.google.gson.internal.bind.ReflectiveTypeAdapterFactory$Adapter.read(ReflectiveTypeAdapterFactory.java:225)
	at com.google.gson.Gson.fromJson(Gson.java:991)
	at com.google.gson.Gson.fromJson(Gson.java:956)
	at com.google.gson.Gson.fromJson(Gson.java:905)
	at ai.glog.service.GlogService.getFromGlog(GlogService.java:174)
	at ai.glog.plugins.devskim.rules.resolve.MemcpyResolver.getDetailText(MemcpyResolver.java:60)
	at ai.glog.execute.workers.TriageAndRemediationCallableWorker.call(TriageAndRemediationCallableWorker.java:69)
	at ai.glog.execute.workers.TriageAndRemediationCallableWorker.call(TriageAndRemediationCallableWorker.java:31)
	at java.base/java.util.concurrent.FutureTask.run(FutureTask.java:317)
	at java.base/java.util.concurrent.ThreadPoolExecutor.runWorker(ThreadPoolExecutor.java:1144)
	at java.base/java.util.concurrent.ThreadPoolExecutor$Worker.run(ThreadPoolExecutor.java:642)
	at java.base/java.lang.Thread.run(Thread.java:1623)
Caused by: java.lang.IllegalStateException: Expected BEGIN_OBJECT but was STRING at line 2 column 1 path $
	at com.google.gson.stream.JsonReader.beginObject(JsonReader.java:385)
	at com.google.gson.internal.bind.ReflectiveTypeAdapterFactory$Adapter.read(ReflectiveTypeAdapterFactory.java:214)
	... 11 more

Oct 07, 2025 9:49:47 PM ai.glog.plugins.devskim.rules.resolve.MemcpyResolver getDetailText
SEVERE: Cannot invoke "ai.glog.context.miner.dto.CallRemediationDto.getRationale()" because "remediation" is null
java.lang.NullPointerException: Cannot invoke "ai.glog.context.miner.dto.CallRemediationDto.getRationale()" because "remediation" is null
	at ai.glog.plugins.devskim.rules.resolve.MemcpyResolver.getDetailText(MemcpyResolver.java:63)
	at ai.glog.execute.workers.TriageAndRemediationCallableWorker.call(TriageAndRemediationCallableWorker.java:69)
	at ai.glog.execute.workers.TriageAndRemediationCallableWorker.call(TriageAndRemediationCallableWorker.java:31)
	at java.base/java.util.concurrent.FutureTask.run(FutureTask.java:317)
	at java.base/java.util.concurrent.ThreadPoolExecutor.runWorker(ThreadPoolExecutor.java:1144)
	at java.base/java.util.concurrent.ThreadPoolExecutor$Worker.run(ThreadPoolExecutor.java:642)
	at java.base/java.lang.Thread.run(Thread.java:1623)

Oct 07, 2025 9:49:47 PM ai.glog.plugins.devskim.rules.resolve.MemcpyResolver getDetailText
SEVERE: Cannot invoke "ai.glog.context.miner.dto.CallRemediationDto.getRationale()" because "remediation" is null
java.lang.NullPointerException: Cannot invoke "ai.glog.context.miner.dto.CallRemediationDto.getRationale()" because "remediation" is null
	at ai.glog.plugins.devskim.rules.resolve.MemcpyResolver.getDetailText(MemcpyResolver.java:63)
	at ai.glog.execute.workers.TriageAndRemediationCallableWorker.call(TriageAndRemediationCallableWorker.java:69)
	at ai.glog.execute.workers.TriageAndRemediationCallableWorker.call(TriageAndRemediationCallableWorker.java:31)
	at java.base/java.util.concurrent.FutureTask.run(FutureTask.java:317)
	at java.base/java.util.concurrent.ThreadPoolExecutor.runWorker(ThreadPoolExecutor.java:1144)
	at java.base/java.util.concurrent.ThreadPoolExecutor$Worker.run(ThreadPoolExecutor.java:642)
	at java.base/java.lang.Thread.run(Thread.java:1623)

Oct 07, 2025 9:49:47 PM ai.glog.plugins.devskim.rules.resolve.MemcpyResolver getDetailText
SEVERE: Cannot invoke "ai.glog.context.miner.dto.CallRemediationDto.getRationale()" because "remediation" is null
java.lang.NullPointerException: Cannot invoke "ai.glog.context.miner.dto.CallRemediationDto.getRationale()" because "remediation" is null
	at ai.glog.plugins.devskim.rules.resolve.MemcpyResolver.getDetailText(MemcpyResolver.java:63)
	at ai.glog.execute.workers.TriageAndRemediationCallableWorker.call(TriageAndRemediationCallableWorker.java:69)
	at ai.glog.execute.workers.TriageAndRemediationCallableWorker.call(TriageAndRemediationCallableWorker.java:31)
	at java.base/java.util.concurrent.FutureTask.run(FutureTask.java:317)
	at java.base/java.util.concurrent.ThreadPoolExecutor.runWorker(ThreadPoolExecutor.java:1144)
	at java.base/java.util.concurrent.ThreadPoolExecutor$Worker.run(ThreadPoolExecutor.java:642)
	at java.base/java.lang.Thread.run(Thread.java:1623)

Oct 07, 2025 9:49:47 PM ai.glog.plugins.devskim.rules.resolve.MemcpyResolver getDetailText
SEVERE: Cannot invoke "ai.glog.context.miner.dto.CallRemediationDto.getRationale()" because "remediation" is null
java.lang.NullPointerException: Cannot invoke "ai.glog.context.miner.dto.CallRemediationDto.getRationale()" because "remediation" is null
	at ai.glog.plugins.devskim.rules.resolve.MemcpyResolver.getDetailText(MemcpyResolver.java:63)
	at ai.glog.execute.workers.TriageAndRemediationCallableWorker.call(TriageAndRemediationCallableWorker.java:69)
	at ai.glog.execute.workers.TriageAndRemediationCallableWorker.call(TriageAndRemediationCallableWorker.java:31)
	at java.base/java.util.concurrent.FutureTask.run(FutureTask.java:317)
	at java.base/java.util.concurrent.ThreadPoolExecutor.runWorker(ThreadPoolExecutor.java:1144)
	at java.base/java.util.concurrent.ThreadPoolExecutor$Worker.run(ThreadPoolExecutor.java:642)
	at java.base/java.lang.Thread.run(Thread.java:1623)

Oct 07, 2025 9:49:49 PM ai.glog.service.GlogService getFromGlog
SEVERE: java.lang.IllegalStateException: Expected BEGIN_OBJECT but was STRING at line 2 column 1 path $

<!doctype html>
<html lang="en">
<head>
  <title>Server Error (500)</title>
</head>
<body>
  <h1>Server Error (500)</h1><p></p>
</body>
</html>

com.google.gson.JsonSyntaxException: java.lang.IllegalStateException: Expected BEGIN_OBJECT but was STRING at line 2 column 1 path $
	at com.google.gson.internal.bind.ReflectiveTypeAdapterFactory$Adapter.read(ReflectiveTypeAdapterFactory.java:225)
	at com.google.gson.Gson.fromJson(Gson.java:991)
	at com.google.gson.Gson.fromJson(Gson.java:956)
	at com.google.gson.Gson.fromJson(Gson.java:905)
	at ai.glog.service.GlogService.getFromGlog(GlogService.java:174)
	at ai.glog.plugins.devskim.rules.resolve.MemcpyResolver.getDetailText(MemcpyResolver.java:60)
	at ai.glog.execute.workers.TriageAndRemediationCallableWorker.call(TriageAndRemediationCallableWorker.java:69)
	at ai.glog.execute.workers.TriageAndRemediationCallableWorker.call(TriageAndRemediationCallableWorker.java:31)
	at java.base/java.util.concurrent.FutureTask.run(FutureTask.java:317)
	at java.base/java.util.concurrent.ThreadPoolExecutor.runWorker(ThreadPoolExecutor.java:1144)
	at java.base/java.util.concurrent.ThreadPoolExecutor$Worker.run(ThreadPoolExecutor.java:642)
	at java.base/java.lang.Thread.run(Thread.java:1623)
Caused by: java.lang.IllegalStateException: Expected BEGIN_OBJECT but was STRING at line 2 column 1 path $
	at com.google.gson.stream.JsonReader.beginObject(JsonReader.java:385)
	at com.google.gson.internal.bind.ReflectiveTypeAdapterFactory$Adapter.read(ReflectiveTypeAdapterFactory.java:214)
	... 11 more

Oct 07, 2025 9:49:49 PM ai.glog.plugins.devskim.rules.resolve.MemcpyResolver getDetailText
SEVERE: Cannot invoke "ai.glog.context.miner.dto.CallRemediationDto.getRationale()" because "remediation" is null
java.lang.NullPointerException: Cannot invoke "ai.glog.context.miner.dto.CallRemediationDto.getRationale()" because "remediation" is null
	at ai.glog.plugins.devskim.rules.resolve.MemcpyResolver.getDetailText(MemcpyResolver.java:63)
	at ai.glog.execute.workers.TriageAndRemediationCallableWorker.call(TriageAndRemediationCallableWorker.java:69)
	at ai.glog.execute.workers.TriageAndRemediationCallableWorker.call(TriageAndRemediationCallableWorker.java:31)
	at java.base/java.util.concurrent.FutureTask.run(FutureTask.java:317)
	at java.base/java.util.concurrent.ThreadPoolExecutor.runWorker(ThreadPoolExecutor.java:1144)
	at java.base/java.util.concurrent.ThreadPoolExecutor$Worker.run(ThreadPoolExecutor.java:642)
	at java.base/java.lang.Thread.run(Thread.java:1623)

Oct 07, 2025 9:49:49 PM ai.glog.service.GlogService getFromGlog
SEVERE: java.lang.IllegalStateException: Expected BEGIN_OBJECT but was STRING at line 2 column 1 path $

<!doctype html>
<html lang="en">
<head>
  <title>Server Error (500)</title>
</head>
<body>
  <h1>Server Error (500)</h1><p></p>
</body>
</html>

com.google.gson.JsonSyntaxException: java.lang.IllegalStateException: Expected BEGIN_OBJECT but was STRING at line 2 column 1 path $
	at com.google.gson.internal.bind.ReflectiveTypeAdapterFactory$Adapter.read(ReflectiveTypeAdapterFactory.java:225)
	at com.google.gson.Gson.fromJson(Gson.java:991)
	at com.google.gson.Gson.fromJson(Gson.java:956)
	at com.google.gson.Gson.fromJson(Gson.java:905)
	at ai.glog.service.GlogService.getFromGlog(GlogService.java:174)
	at ai.glog.plugins.devskim.rules.resolve.MemcpyResolver.getDetailText(MemcpyResolver.java:60)
	at ai.glog.execute.workers.TriageAndRemediationCallableWorker.call(TriageAndRemediationCallableWorker.java:69)
	at ai.glog.execute.workers.TriageAndRemediationCallableWorker.call(TriageAndRemediationCallableWorker.java:31)
	at java.base/java.util.concurrent.FutureTask.run(FutureTask.java:317)
	at java.base/java.util.concurrent.ThreadPoolExecutor.runWorker(ThreadPoolExecutor.java:1144)
	at java.base/java.util.concurrent.ThreadPoolExecutor$Worker.run(ThreadPoolExecutor.java:642)
	at java.base/java.lang.Thread.run(Thread.java:1623)
Caused by: java.lang.IllegalStateException: Expected BEGIN_OBJECT but was STRING at line 2 column 1 path $
	at com.google.gson.stream.JsonReader.beginObject(JsonReader.java:385)
	at com.google.gson.internal.bind.ReflectiveTypeAdapterFactory$Adapter.read(ReflectiveTypeAdapterFactory.java:214)
	... 11 more

Oct 07, 2025 9:49:49 PM ai.glog.plugins.devskim.rules.resolve.MemcpyResolver getDetailText
SEVERE: Cannot invoke "ai.glog.context.miner.dto.CallRemediationDto.getRationale()" because "remediation" is null
java.lang.NullPointerException: Cannot invoke "ai.glog.context.miner.dto.CallRemediationDto.getRationale()" because "remediation" is null
	at ai.glog.plugins.devskim.rules.resolve.MemcpyResolver.getDetailText(MemcpyResolver.java:63)
	at ai.glog.execute.workers.TriageAndRemediationCallableWorker.call(TriageAndRemediationCallableWorker.java:69)
	at ai.glog.execute.workers.TriageAndRemediationCallableWorker.call(TriageAndRemediationCallableWorker.java:31)
	at java.base/java.util.concurrent.FutureTask.run(FutureTask.java:317)
	at java.base/java.util.concurrent.ThreadPoolExecutor.runWorker(ThreadPoolExecutor.java:1144)
	at java.base/java.util.concurrent.ThreadPoolExecutor$Worker.run(ThreadPoolExecutor.java:642)
	at java.base/java.lang.Thread.run(Thread.java:1623)

Oct 07, 2025 9:49:49 PM ai.glog.service.GlogService getFromGlog
SEVERE: java.lang.IllegalStateException: Expected BEGIN_OBJECT but was STRING at line 2 column 1 path $

<!doctype html>
<html lang="en">
<head>
  <title>Server Error (500)</title>
</head>
<body>
  <h1>Server Error (500)</h1><p></p>
</body>
</html>

com.google.gson.JsonSyntaxException: java.lang.IllegalStateException: Expected BEGIN_OBJECT but was STRING at line 2 column 1 path $
	at com.google.gson.internal.bind.ReflectiveTypeAdapterFactory$Adapter.read(ReflectiveTypeAdapterFactory.java:225)
	at com.google.gson.Gson.fromJson(Gson.java:991)
	at com.google.gson.Gson.fromJson(Gson.java:956)
	at com.google.gson.Gson.fromJson(Gson.java:905)
	at ai.glog.service.GlogService.getFromGlog(GlogService.java:174)
	at ai.glog.plugins.devskim.rules.resolve.MemcpyResolver.getDetailText(MemcpyResolver.java:60)
	at ai.glog.execute.workers.TriageAndRemediationCallableWorker.call(TriageAndRemediationCallableWorker.java:69)
	at ai.glog.execute.workers.TriageAndRemediationCallableWorker.call(TriageAndRemediationCallableWorker.java:31)
	at java.base/java.util.concurrent.FutureTask.run(FutureTask.java:317)
	at java.base/java.util.concurrent.ThreadPoolExecutor.runWorker(ThreadPoolExecutor.java:1144)
	at java.base/java.util.concurrent.ThreadPoolExecutor$Worker.run(ThreadPoolExecutor.java:642)
	at java.base/java.lang.Thread.run(Thread.java:1623)
Caused by: java.lang.IllegalStateException: Expected BEGIN_OBJECT but was STRING at line 2 column 1 path $
	at com.google.gson.stream.JsonReader.beginObject(JsonReader.java:385)
	at com.google.gson.internal.bind.ReflectiveTypeAdapterFactory$Adapter.read(ReflectiveTypeAdapterFactory.java:214)
	... 11 more

Oct 07, 2025 9:49:49 PM ai.glog.plugins.devskim.rules.resolve.MemcpyResolver getDetailText
SEVERE: Cannot invoke "ai.glog.context.miner.dto.CallRemediationDto.getRationale()" because "remediation" is null
java.lang.NullPointerException: Cannot invoke "ai.glog.context.miner.dto.CallRemediationDto.getRationale()" because "remediation" is null
	at ai.glog.plugins.devskim.rules.resolve.MemcpyResolver.getDetailText(MemcpyResolver.java:63)
	at ai.glog.execute.workers.TriageAndRemediationCallableWorker.call(TriageAndRemediationCallableWorker.java:69)
	at ai.glog.execute.workers.TriageAndRemediationCallableWorker.call(TriageAndRemediationCallableWorker.java:31)
	at java.base/java.util.concurrent.FutureTask.run(FutureTask.java:317)
	at java.base/java.util.concurrent.ThreadPoolExecutor.runWorker(ThreadPoolExecutor.java:1144)
	at java.base/java.util.concurrent.ThreadPoolExecutor$Worker.run(ThreadPoolExecutor.java:642)
	at java.base/java.lang.Thread.run(Thread.java:1623)

Oct 07, 2025 9:50:36 PM ai.glog.execute.workers.TriageAndRemediationCallableWorker isFalsePositive
SEVERE: {
  "ruleId" : "DS161085",
  "ruleIndex" : null,
  "rule" : null,
  "kind" : "FAIL",
  "level" : "NOTE",
  "message" : {
    "text" : "Problematic C function detected (malloc)",
    "markdown" : null,
    "id" : null,
    "arguments" : null,
    "properties" : null
  },
  "analysisTarget" : null,
  "locations" : [ {
    "id" : null,
    "physicalLocation" : {
      "address" : null,
      "artifactLocation" : {
        "uri" : "library/src/amd_detail/hipsolver.cpp",
        "uriBaseId" : null,
        "index" : null,
        "description" : null,
        "properties" : null
      },
      "region" : {
        "startLine" : 884,
        "startColumn" : 22,
        "endLine" : 884,
        "endColumn" : 36,
        "charOffset" : 46817,
        "charLength" : 14,
        "byteOffset" : null,
        "byteLength" : null,
        "snippet" : {
          "text" : "malloc(int bc)",
          "binary" : null,
          "rendered" : {
            "text" : "malloc(int bc)",
            "markdown" : "`malloc(int bc)`",
            "properties" : null
          },
          "properties" : null
        },
        "message" : null,
        "sourceLanguage" : "cpp",
        "properties" : null
      },
      "contextRegion" : null,
      "properties" : null
    },
    "logicalLocations" : null,
    "message" : null,
    "annotations" : null,
    "relationships" : null,
    "properties" : null
  } ],
  "guid" : null,
  "correlationGuid" : null,
  "occurrenceCount" : null,
  "partialFingerprints" : null,
  "fingerprints" : null,
  "stacks" : null,
  "codeFlows" : null,
  "graphs" : null,
  "graphTraversals" : null,
  "relatedLocations" : null,
  "suppressions" : null,
  "baselineState" : null,
  "rank" : null,
  "attachments" : null,
  "hostedViewerUri" : null,
  "workItemUris" : null,
  "provenance" : null,
  "fixes" : [ {
    "description" : {
      "text" : "If the value provided to malloc is the result of unsafe integer math, it can result in an exploitable condition. ",
      "markdown" : null,
      "id" : null,
      "arguments" : null,
      "properties" : null
    },
    "artifactChanges" : [ {
      "artifactLocation" : {
        "uri" : "library/src/amd_detail/hipsolver.cpp",
        "uriBaseId" : null,
        "index" : null,
        "description" : null,
        "properties" : null
      },
      "replacements" : [ {
        "deletedRegion" : {
          "startLine" : null,
          "startColumn" : null,
          "endLine" : null,
          "endColumn" : null,
          "charOffset" : 46817,
          "charLength" : 14,
          "byteOffset" : null,
          "byteLength" : null,
          "snippet" : null,
          "message" : null,
          "sourceLanguage" : null,
          "properties" : null
        },
        "insertedContent" : {
          "text" : "calloc(<number of elements>, <size of each element>)",
          "binary" : null,
          "rendered" : null,
          "properties" : null
        },
        "properties" : null
      } ],
      "properties" : null
    } ],
    "properties" : null
  } ],
  "taxa" : null,
  "webRequest" : null,
  "webResponse" : null,
  "properties" : {
    "DevSkimSeverity" : "BestPractice",
    "DevSkimConfidence" : "High"
  }
}
java.util.NoSuchElementException: next on empty iterator
	at scala.collection.Iterator$$anon$19.next(Iterator.scala:973)
	at scala.collection.Iterator$$anon$19.next(Iterator.scala:971)
	at scala.collection.Iterator$$anon$6.next(Iterator.scala:492)
	at flatgraph.traversal.GenericSteps$.head$extension(Language.scala:80)
	at ai.glog.cpg.analysis.SinkAnalyzer$.getSink(SinkAnalyzer.scala:29)
	at ai.glog.cpg.analysis.SinkAnalyzer.getSink(SinkAnalyzer.scala)
	at ai.glog.reporting.Sarif.getSinkCpg(Sarif.java:187)
	at ai.glog.plugins.devskim.rules.resolve.MallocResolver.isFalsePositive(MallocResolver.java:34)
	at ai.glog.execute.workers.TriageAndRemediationCallableWorker.isFalsePositive(TriageAndRemediationCallableWorker.java:116)
	at ai.glog.execute.workers.TriageAndRemediationCallableWorker.call(TriageAndRemediationCallableWorker.java:66)
	at ai.glog.execute.workers.TriageAndRemediationCallableWorker.call(TriageAndRemediationCallableWorker.java:31)
	at java.base/java.util.concurrent.FutureTask.run(FutureTask.java:317)
	at java.base/java.util.concurrent.ThreadPoolExecutor.runWorker(ThreadPoolExecutor.java:1144)
	at java.base/java.util.concurrent.ThreadPoolExecutor$Worker.run(ThreadPoolExecutor.java:642)
	at java.base/java.lang.Thread.run(Thread.java:1623)

Oct 07, 2025 9:50:36 PM ai.glog.execute.workers.TriageAndRemediationCallableWorker isFalsePositive
SEVERE: next on empty iterator
java.util.NoSuchElementException: next on empty iterator
	at scala.collection.Iterator$$anon$19.next(Iterator.scala:973)
	at scala.collection.Iterator$$anon$19.next(Iterator.scala:971)
	at scala.collection.Iterator$$anon$6.next(Iterator.scala:492)
	at flatgraph.traversal.GenericSteps$.head$extension(Language.scala:80)
	at ai.glog.cpg.analysis.SinkAnalyzer$.getSink(SinkAnalyzer.scala:29)
	at ai.glog.cpg.analysis.SinkAnalyzer.getSink(SinkAnalyzer.scala)
	at ai.glog.reporting.Sarif.getSinkCpg(Sarif.java:187)
	at ai.glog.plugins.devskim.rules.resolve.MallocResolver.isFalsePositive(MallocResolver.java:34)
	at ai.glog.execute.workers.TriageAndRemediationCallableWorker.isFalsePositive(TriageAndRemediationCallableWorker.java:116)
	at ai.glog.execute.workers.TriageAndRemediationCallableWorker.call(TriageAndRemediationCallableWorker.java:66)
	at ai.glog.execute.workers.TriageAndRemediationCallableWorker.call(TriageAndRemediationCallableWorker.java:31)
	at java.base/java.util.concurrent.FutureTask.run(FutureTask.java:317)
	at java.base/java.util.concurrent.ThreadPoolExecutor.runWorker(ThreadPoolExecutor.java:1144)
	at java.base/java.util.concurrent.ThreadPoolExecutor$Worker.run(ThreadPoolExecutor.java:642)
	at java.base/java.lang.Thread.run(Thread.java:1623)

Oct 07, 2025 9:50:36 PM ai.glog.execute.workers.TriageAndRemediationCallableWorker isFalsePositive
SEVERE: {
  "ruleId" : "DS161085",
  "ruleIndex" : null,
  "rule" : null,
  "kind" : "FAIL",
  "level" : "NOTE",
  "message" : {
    "text" : "Problematic C function detected (malloc)",
    "markdown" : null,
    "id" : null,
    "arguments" : null,
    "properties" : null
  },
  "analysisTarget" : null,
  "locations" : [ {
    "id" : null,
    "physicalLocation" : {
      "address" : null,
      "artifactLocation" : {
        "uri" : "library/src/amd_detail/hipsolver.cpp",
        "uriBaseId" : null,
        "index" : null,
        "description" : null,
        "properties" : null
      },
      "region" : {
        "startLine" : 672,
        "startColumn" : 22,
        "endLine" : 672,
        "endColumn" : 36,
        "charOffset" : 41560,
        "charLength" : 14,
        "byteOffset" : null,
        "byteLength" : null,
        "snippet" : {
          "text" : "malloc(int bc)",
          "binary" : null,
          "rendered" : {
            "text" : "malloc(int bc)",
            "markdown" : "`malloc(int bc)`",
            "properties" : null
          },
          "properties" : null
        },
        "message" : null,
        "sourceLanguage" : "cpp",
        "properties" : null
      },
      "contextRegion" : null,
      "properties" : null
    },
    "logicalLocations" : null,
    "message" : null,
    "annotations" : null,
    "relationships" : null,
    "properties" : null
  } ],
  "guid" : null,
  "correlationGuid" : null,
  "occurrenceCount" : null,
  "partialFingerprints" : null,
  "fingerprints" : null,
  "stacks" : null,
  "codeFlows" : null,
  "graphs" : null,
  "graphTraversals" : null,
  "relatedLocations" : null,
  "suppressions" : null,
  "baselineState" : null,
  "rank" : null,
  "attachments" : null,
  "hostedViewerUri" : null,
  "workItemUris" : null,
  "provenance" : null,
  "fixes" : [ {
    "description" : {
      "text" : "If the value provided to malloc is the result of unsafe integer math, it can result in an exploitable condition. ",
      "markdown" : null,
      "id" : null,
      "arguments" : null,
      "properties" : null
    },
    "artifactChanges" : [ {
      "artifactLocation" : {
        "uri" : "library/src/amd_detail/hipsolver.cpp",
        "uriBaseId" : null,
        "index" : null,
        "description" : null,
        "properties" : null
      },
      "replacements" : [ {
        "deletedRegion" : {
          "startLine" : null,
          "startColumn" : null,
          "endLine" : null,
          "endColumn" : null,
          "charOffset" : 41560,
          "charLength" : 14,
          "byteOffset" : null,
          "byteLength" : null,
          "snippet" : null,
          "message" : null,
          "sourceLanguage" : null,
          "properties" : null
        },
        "insertedContent" : {
          "text" : "calloc(<number of elements>, <size of each element>)",
          "binary" : null,
          "rendered" : null,
          "properties" : null
        },
        "properties" : null
      } ],
      "properties" : null
    } ],
    "properties" : null
  } ],
  "taxa" : null,
  "webRequest" : null,
  "webResponse" : null,
  "properties" : {
    "DevSkimSeverity" : "BestPractice",
    "DevSkimConfidence" : "High"
  }
}
java.util.NoSuchElementException: next on empty iterator
	at scala.collection.Iterator$$anon$19.next(Iterator.scala:973)
	at scala.collection.Iterator$$anon$19.next(Iterator.scala:971)
	at scala.collection.Iterator$$anon$6.next(Iterator.scala:492)
	at flatgraph.traversal.GenericSteps$.head$extension(Language.scala:80)
	at ai.glog.cpg.analysis.SinkAnalyzer$.getSink(SinkAnalyzer.scala:29)
	at ai.glog.cpg.analysis.SinkAnalyzer.getSink(SinkAnalyzer.scala)
	at ai.glog.reporting.Sarif.getSinkCpg(Sarif.java:187)
	at ai.glog.plugins.devskim.rules.resolve.MallocResolver.isFalsePositive(MallocResolver.java:34)
	at ai.glog.execute.workers.TriageAndRemediationCallableWorker.isFalsePositive(TriageAndRemediationCallableWorker.java:116)
	at ai.glog.execute.workers.TriageAndRemediationCallableWorker.call(TriageAndRemediationCallableWorker.java:66)
	at ai.glog.execute.workers.TriageAndRemediationCallableWorker.call(TriageAndRemediationCallableWorker.java:31)
	at java.base/java.util.concurrent.FutureTask.run(FutureTask.java:317)
	at java.base/java.util.concurrent.ThreadPoolExecutor.runWorker(ThreadPoolExecutor.java:1144)
	at java.base/java.util.concurrent.ThreadPoolExecutor$Worker.run(ThreadPoolExecutor.java:642)
	at java.base/java.lang.Thread.run(Thread.java:1623)

Oct 07, 2025 9:50:36 PM ai.glog.execute.workers.TriageAndRemediationCallableWorker isFalsePositive
SEVERE: next on empty iterator
java.util.NoSuchElementException: next on empty iterator
	at scala.collection.Iterator$$anon$19.next(Iterator.scala:973)
	at scala.collection.Iterator$$anon$19.next(Iterator.scala:971)
	at scala.collection.Iterator$$anon$6.next(Iterator.scala:492)
	at flatgraph.traversal.GenericSteps$.head$extension(Language.scala:80)
	at ai.glog.cpg.analysis.SinkAnalyzer$.getSink(SinkAnalyzer.scala:29)
	at ai.glog.cpg.analysis.SinkAnalyzer.getSink(SinkAnalyzer.scala)
	at ai.glog.reporting.Sarif.getSinkCpg(Sarif.java:187)
	at ai.glog.plugins.devskim.rules.resolve.MallocResolver.isFalsePositive(MallocResolver.java:34)
	at ai.glog.execute.workers.TriageAndRemediationCallableWorker.isFalsePositive(TriageAndRemediationCallableWorker.java:116)
	at ai.glog.execute.workers.TriageAndRemediationCallableWorker.call(TriageAndRemediationCallableWorker.java:66)
	at ai.glog.execute.workers.TriageAndRemediationCallableWorker.call(TriageAndRemediationCallableWorker.java:31)
	at java.base/java.util.concurrent.FutureTask.run(FutureTask.java:317)
	at java.base/java.util.concurrent.ThreadPoolExecutor.runWorker(ThreadPoolExecutor.java:1144)
	at java.base/java.util.concurrent.ThreadPoolExecutor$Worker.run(ThreadPoolExecutor.java:642)
	at java.base/java.lang.Thread.run(Thread.java:1623)

Oct 07, 2025 9:50:36 PM ai.glog.service.GlogService getFromGlog
SEVERE: java.lang.IllegalStateException: Expected BEGIN_OBJECT but was STRING at line 2 column 1 path $

<!doctype html>
<html lang="en">
<head>
  <title>Server Error (500)</title>
</head>
<body>
  <h1>Server Error (500)</h1><p></p>
</body>
</html>

com.google.gson.JsonSyntaxException: java.lang.IllegalStateException: Expected BEGIN_OBJECT but was STRING at line 2 column 1 path $
	at com.google.gson.internal.bind.ReflectiveTypeAdapterFactory$Adapter.read(ReflectiveTypeAdapterFactory.java:225)
	at com.google.gson.Gson.fromJson(Gson.java:991)
	at com.google.gson.Gson.fromJson(Gson.java:956)
	at com.google.gson.Gson.fromJson(Gson.java:905)
	at ai.glog.service.GlogService.getFromGlog(GlogService.java:174)
	at ai.glog.plugins.devskim.rules.resolve.MallocResolver.getDetailText(MallocResolver.java:60)
	at ai.glog.execute.workers.TriageAndRemediationCallableWorker.call(TriageAndRemediationCallableWorker.java:69)
	at ai.glog.execute.workers.TriageAndRemediationCallableWorker.call(TriageAndRemediationCallableWorker.java:31)
	at java.base/java.util.concurrent.FutureTask.run(FutureTask.java:317)
	at java.base/java.util.concurrent.ThreadPoolExecutor.runWorker(ThreadPoolExecutor.java:1144)
	at java.base/java.util.concurrent.ThreadPoolExecutor$Worker.run(ThreadPoolExecutor.java:642)
	at java.base/java.lang.Thread.run(Thread.java:1623)
Caused by: java.lang.IllegalStateException: Expected BEGIN_OBJECT but was STRING at line 2 column 1 path $
	at com.google.gson.stream.JsonReader.beginObject(JsonReader.java:385)
	at com.google.gson.internal.bind.ReflectiveTypeAdapterFactory$Adapter.read(ReflectiveTypeAdapterFactory.java:214)
	... 11 more

Oct 07, 2025 9:50:36 PM ai.glog.plugins.devskim.rules.resolve.MallocResolver getDetailText
SEVERE: Cannot invoke "ai.glog.context.miner.dto.CallRemediationDto.getRationale()" because "remediation" is null
java.lang.NullPointerException: Cannot invoke "ai.glog.context.miner.dto.CallRemediationDto.getRationale()" because "remediation" is null
	at ai.glog.plugins.devskim.rules.resolve.MallocResolver.getDetailText(MallocResolver.java:63)
	at ai.glog.execute.workers.TriageAndRemediationCallableWorker.call(TriageAndRemediationCallableWorker.java:69)
	at ai.glog.execute.workers.TriageAndRemediationCallableWorker.call(TriageAndRemediationCallableWorker.java:31)
	at java.base/java.util.concurrent.FutureTask.run(FutureTask.java:317)
	at java.base/java.util.concurrent.ThreadPoolExecutor.runWorker(ThreadPoolExecutor.java:1144)
	at java.base/java.util.concurrent.ThreadPoolExecutor$Worker.run(ThreadPoolExecutor.java:642)
	at java.base/java.lang.Thread.run(Thread.java:1623)

Oct 07, 2025 9:50:36 PM ai.glog.service.GlogService getFromGlog
SEVERE: java.lang.IllegalStateException: Expected BEGIN_OBJECT but was STRING at line 2 column 1 path $

<!doctype html>
<html lang="en">
<head>
  <title>Server Error (500)</title>
</head>
<body>
  <h1>Server Error (500)</h1><p></p>
</body>
</html>

com.google.gson.JsonSyntaxException: java.lang.IllegalStateException: Expected BEGIN_OBJECT but was STRING at line 2 column 1 path $
	at com.google.gson.internal.bind.ReflectiveTypeAdapterFactory$Adapter.read(ReflectiveTypeAdapterFactory.java:225)
	at com.google.gson.Gson.fromJson(Gson.java:991)
	at com.google.gson.Gson.fromJson(Gson.java:956)
	at com.google.gson.Gson.fromJson(Gson.java:905)
	at ai.glog.service.GlogService.getFromGlog(GlogService.java:174)
	at ai.glog.plugins.devskim.rules.resolve.MallocResolver.getDetailText(MallocResolver.java:60)
	at ai.glog.execute.workers.TriageAndRemediationCallableWorker.call(TriageAndRemediationCallableWorker.java:69)
	at ai.glog.execute.workers.TriageAndRemediationCallableWorker.call(TriageAndRemediationCallableWorker.java:31)
	at java.base/java.util.concurrent.FutureTask.run(FutureTask.java:317)
	at java.base/java.util.concurrent.ThreadPoolExecutor.runWorker(ThreadPoolExecutor.java:1144)
	at java.base/java.util.concurrent.ThreadPoolExecutor$Worker.run(ThreadPoolExecutor.java:642)
	at java.base/java.lang.Thread.run(Thread.java:1623)
Caused by: java.lang.IllegalStateException: Expected BEGIN_OBJECT but was STRING at line 2 column 1 path $
	at com.google.gson.stream.JsonReader.beginObject(JsonReader.java:385)
	at com.google.gson.internal.bind.ReflectiveTypeAdapterFactory$Adapter.read(ReflectiveTypeAdapterFactory.java:214)
	... 11 more

Oct 07, 2025 9:50:36 PM ai.glog.plugins.devskim.rules.resolve.MallocResolver getDetailText
SEVERE: Cannot invoke "ai.glog.context.miner.dto.CallRemediationDto.getRationale()" because "remediation" is null
java.lang.NullPointerException: Cannot invoke "ai.glog.context.miner.dto.CallRemediationDto.getRationale()" because "remediation" is null
	at ai.glog.plugins.devskim.rules.resolve.MallocResolver.getDetailText(MallocResolver.java:63)
	at ai.glog.execute.workers.TriageAndRemediationCallableWorker.call(TriageAndRemediationCallableWorker.java:69)
	at ai.glog.execute.workers.TriageAndRemediationCallableWorker.call(TriageAndRemediationCallableWorker.java:31)
	at java.base/java.util.concurrent.FutureTask.run(FutureTask.java:317)
	at java.base/java.util.concurrent.ThreadPoolExecutor.runWorker(ThreadPoolExecutor.java:1144)
	at java.base/java.util.concurrent.ThreadPoolExecutor$Worker.run(ThreadPoolExecutor.java:642)
	at java.base/java.lang.Thread.run(Thread.java:1623)

Oct 07, 2025 9:50:37 PM ai.glog.service.GlogService getFromGlog
SEVERE: java.lang.IllegalStateException: Expected BEGIN_OBJECT but was STRING at line 2 column 1 path $

<!doctype html>
<html lang="en">
<head>
  <title>Server Error (500)</title>
</head>
<body>
  <h1>Server Error (500)</h1><p></p>
</body>
</html>

com.google.gson.JsonSyntaxException: java.lang.IllegalStateException: Expected BEGIN_OBJECT but was STRING at line 2 column 1 path $
	at com.google.gson.internal.bind.ReflectiveTypeAdapterFactory$Adapter.read(ReflectiveTypeAdapterFactory.java:225)
	at com.google.gson.Gson.fromJson(Gson.java:991)
	at com.google.gson.Gson.fromJson(Gson.java:956)
	at com.google.gson.Gson.fromJson(Gson.java:905)
	at ai.glog.service.GlogService.getFromGlog(GlogService.java:174)
	at ai.glog.plugins.devskim.rules.resolve.MemcpyResolver.getDetailText(MemcpyResolver.java:60)
	at ai.glog.execute.workers.TriageAndRemediationCallableWorker.call(TriageAndRemediationCallableWorker.java:69)
	at ai.glog.execute.workers.TriageAndRemediationCallableWorker.call(TriageAndRemediationCallableWorker.java:31)
	at java.base/java.util.concurrent.FutureTask.run(FutureTask.java:317)
	at java.base/java.util.concurrent.ThreadPoolExecutor.runWorker(ThreadPoolExecutor.java:1144)
	at java.base/java.util.concurrent.ThreadPoolExecutor$Worker.run(ThreadPoolExecutor.java:642)
	at java.base/java.lang.Thread.run(Thread.java:1623)
Caused by: java.lang.IllegalStateException: Expected BEGIN_OBJECT but was STRING at line 2 column 1 path $
	at com.google.gson.stream.JsonReader.beginObject(JsonReader.java:385)
	at com.google.gson.internal.bind.ReflectiveTypeAdapterFactory$Adapter.read(ReflectiveTypeAdapterFactory.java:214)
	... 11 more

Oct 07, 2025 9:50:37 PM ai.glog.plugins.devskim.rules.resolve.MemcpyResolver getDetailText
SEVERE: Cannot invoke "ai.glog.context.miner.dto.CallRemediationDto.getRationale()" because "remediation" is null
java.lang.NullPointerException: Cannot invoke "ai.glog.context.miner.dto.CallRemediationDto.getRationale()" because "remediation" is null
	at ai.glog.plugins.devskim.rules.resolve.MemcpyResolver.getDetailText(MemcpyResolver.java:63)
	at ai.glog.execute.workers.TriageAndRemediationCallableWorker.call(TriageAndRemediationCallableWorker.java:69)
	at ai.glog.execute.workers.TriageAndRemediationCallableWorker.call(TriageAndRemediationCallableWorker.java:31)
	at java.base/java.util.concurrent.FutureTask.run(FutureTask.java:317)
	at java.base/java.util.concurrent.ThreadPoolExecutor.runWorker(ThreadPoolExecutor.java:1144)
	at java.base/java.util.concurrent.ThreadPoolExecutor$Worker.run(ThreadPoolExecutor.java:642)
	at java.base/java.lang.Thread.run(Thread.java:1623)

Oct 07, 2025 9:50:40 PM ai.glog.execute.workers.TriageAndRemediationCallableWorker isFalsePositive
SEVERE: {
  "ruleId" : "DS154189",
  "ruleIndex" : null,
  "rule" : null,
  "kind" : "FAIL",
  "level" : "WARNING",
  "message" : {
    "text" : "Banned C function detected",
    "markdown" : null,
    "id" : null,
    "arguments" : null,
    "properties" : null
  },
  "analysisTarget" : null,
  "locations" : [ {
    "id" : null,
    "physicalLocation" : {
      "address" : null,
      "artifactLocation" : {
        "uri" : "clients/include/utility.hpp",
        "uriBaseId" : null,
        "index" : null,
        "description" : null,
        "properties" : null
      },
      "region" : {
        "startLine" : 81,
        "startColumn" : 8,
        "endLine" : 81,
        "endColumn" : 15,
        "charOffset" : 3044,
        "charLength" : 7,
        "byteOffset" : null,
        "byteLength" : null,
        "snippet" : {
          "text" : "fprintf",
          "binary" : null,
          "rendered" : {
            "text" : "fprintf",
            "markdown" : "`fprintf`",
            "properties" : null
          },
          "properties" : null
        },
        "message" : null,
        "sourceLanguage" : "cpp",
        "properties" : null
      },
      "contextRegion" : null,
      "properties" : null
    },
    "logicalLocations" : null,
    "message" : null,
    "annotations" : null,
    "relationships" : null,
    "properties" : null
  } ],
  "guid" : null,
  "correlationGuid" : null,
  "occurrenceCount" : null,
  "partialFingerprints" : null,
  "fingerprints" : null,
  "stacks" : null,
  "codeFlows" : null,
  "graphs" : null,
  "graphTraversals" : null,
  "relatedLocations" : null,
  "suppressions" : null,
  "baselineState" : null,
  "rank" : null,
  "attachments" : null,
  "hostedViewerUri" : null,
  "workItemUris" : null,
  "provenance" : null,
  "fixes" : null,
  "taxa" : null,
  "webRequest" : null,
  "webResponse" : null,
  "properties" : {
    "DevSkimSeverity" : "Moderate",
    "DevSkimConfidence" : "High"
  }
}
java.util.NoSuchElementException: next on empty iterator
	at scala.collection.Iterator$$anon$19.next(Iterator.scala:973)
	at scala.collection.Iterator$$anon$19.next(Iterator.scala:971)
	at scala.collection.Iterator$$anon$6.next(Iterator.scala:492)
	at flatgraph.traversal.GenericSteps$.head$extension(Language.scala:80)
	at ai.glog.cpg.analysis.SinkAnalyzer$.getSink(SinkAnalyzer.scala:29)
	at ai.glog.cpg.analysis.SinkAnalyzer.getSink(SinkAnalyzer.scala)
	at ai.glog.reporting.Sarif.getSinkCpg(Sarif.java:187)
	at ai.glog.plugins.devskim.rules.resolve.DangerousCFunctionDetectedResolver.isFalsePositive(DangerousCFunctionDetectedResolver.java:22)
	at ai.glog.execute.workers.TriageAndRemediationCallableWorker.isFalsePositive(TriageAndRemediationCallableWorker.java:116)
	at ai.glog.execute.workers.TriageAndRemediationCallableWorker.call(TriageAndRemediationCallableWorker.java:66)
	at ai.glog.execute.workers.TriageAndRemediationCallableWorker.call(TriageAndRemediationCallableWorker.java:31)
	at java.base/java.util.concurrent.FutureTask.run(FutureTask.java:317)
	at java.base/java.util.concurrent.ThreadPoolExecutor.runWorker(ThreadPoolExecutor.java:1144)
	at java.base/java.util.concurrent.ThreadPoolExecutor$Worker.run(ThreadPoolExecutor.java:642)
	at java.base/java.lang.Thread.run(Thread.java:1623)

Oct 07, 2025 9:50:40 PM ai.glog.execute.workers.TriageAndRemediationCallableWorker isFalsePositive
SEVERE: next on empty iterator
java.util.NoSuchElementException: next on empty iterator
	at scala.collection.Iterator$$anon$19.next(Iterator.scala:973)
	at scala.collection.Iterator$$anon$19.next(Iterator.scala:971)
	at scala.collection.Iterator$$anon$6.next(Iterator.scala:492)
	at flatgraph.traversal.GenericSteps$.head$extension(Language.scala:80)
	at ai.glog.cpg.analysis.SinkAnalyzer$.getSink(SinkAnalyzer.scala:29)
	at ai.glog.cpg.analysis.SinkAnalyzer.getSink(SinkAnalyzer.scala)
	at ai.glog.reporting.Sarif.getSinkCpg(Sarif.java:187)
	at ai.glog.plugins.devskim.rules.resolve.DangerousCFunctionDetectedResolver.isFalsePositive(DangerousCFunctionDetectedResolver.java:22)
	at ai.glog.execute.workers.TriageAndRemediationCallableWorker.isFalsePositive(TriageAndRemediationCallableWorker.java:116)
	at ai.glog.execute.workers.TriageAndRemediationCallableWorker.call(TriageAndRemediationCallableWorker.java:66)
	at ai.glog.execute.workers.TriageAndRemediationCallableWorker.call(TriageAndRemediationCallableWorker.java:31)
	at java.base/java.util.concurrent.FutureTask.run(FutureTask.java:317)
	at java.base/java.util.concurrent.ThreadPoolExecutor.runWorker(ThreadPoolExecutor.java:1144)
	at java.base/java.util.concurrent.ThreadPoolExecutor$Worker.run(ThreadPoolExecutor.java:642)
	at java.base/java.lang.Thread.run(Thread.java:1623)

Oct 07, 2025 9:50:40 PM ai.glog.execute.workers.TriageAndRemediationCallableWorker isFalsePositive
SEVERE: {
  "ruleId" : "DS154189",
  "ruleIndex" : null,
  "rule" : null,
  "kind" : "FAIL",
  "level" : "WARNING",
  "message" : {
    "text" : "Banned C function detected",
    "markdown" : null,
    "id" : null,
    "arguments" : null,
    "properties" : null
  },
  "analysisTarget" : null,
  "locations" : [ {
    "id" : null,
    "physicalLocation" : {
      "address" : null,
      "artifactLocation" : {
        "uri" : "clients/include/utility.hpp",
        "uriBaseId" : null,
        "index" : null,
        "description" : null,
        "properties" : null
      },
      "region" : {
        "startLine" : 67,
        "startColumn" : 12,
        "endLine" : 67,
        "endColumn" : 19,
        "charOffset" : 2447,
        "charLength" : 7,
        "byteOffset" : null,
        "byteLength" : null,
        "snippet" : {
          "text" : "fprintf",
          "binary" : null,
          "rendered" : {
            "text" : "fprintf",
            "markdown" : "`fprintf`",
            "properties" : null
          },
          "properties" : null
        },
        "message" : null,
        "sourceLanguage" : "cpp",
        "properties" : null
      },
      "contextRegion" : null,
      "properties" : null
    },
    "logicalLocations" : null,
    "message" : null,
    "annotations" : null,
    "relationships" : null,
    "properties" : null
  } ],
  "guid" : null,
  "correlationGuid" : null,
  "occurrenceCount" : null,
  "partialFingerprints" : null,
  "fingerprints" : null,
  "stacks" : null,
  "codeFlows" : null,
  "graphs" : null,
  "graphTraversals" : null,
  "relatedLocations" : null,
  "suppressions" : null,
  "baselineState" : null,
  "rank" : null,
  "attachments" : null,
  "hostedViewerUri" : null,
  "workItemUris" : null,
  "provenance" : null,
  "fixes" : null,
  "taxa" : null,
  "webRequest" : null,
  "webResponse" : null,
  "properties" : {
    "DevSkimSeverity" : "Moderate",
    "DevSkimConfidence" : "High"
  }
}
java.util.NoSuchElementException: next on empty iterator
	at scala.collection.Iterator$$anon$19.next(Iterator.scala:973)
	at scala.collection.Iterator$$anon$19.next(Iterator.scala:971)
	at scala.collection.Iterator$$anon$6.next(Iterator.scala:492)
	at flatgraph.traversal.GenericSteps$.head$extension(Language.scala:80)
	at ai.glog.cpg.analysis.SinkAnalyzer$.getSink(SinkAnalyzer.scala:29)
	at ai.glog.cpg.analysis.SinkAnalyzer.getSink(SinkAnalyzer.scala)
	at ai.glog.reporting.Sarif.getSinkCpg(Sarif.java:187)
	at ai.glog.plugins.devskim.rules.resolve.DangerousCFunctionDetectedResolver.isFalsePositive(DangerousCFunctionDetectedResolver.java:22)
	at ai.glog.execute.workers.TriageAndRemediationCallableWorker.isFalsePositive(TriageAndRemediationCallableWorker.java:116)
	at ai.glog.execute.workers.TriageAndRemediationCallableWorker.call(TriageAndRemediationCallableWorker.java:66)
	at ai.glog.execute.workers.TriageAndRemediationCallableWorker.call(TriageAndRemediationCallableWorker.java:31)
	at java.base/java.util.concurrent.FutureTask.run(FutureTask.java:317)
	at java.base/java.util.concurrent.ThreadPoolExecutor.runWorker(ThreadPoolExecutor.java:1144)
	at java.base/java.util.concurrent.ThreadPoolExecutor$Worker.run(ThreadPoolExecutor.java:642)
	at java.base/java.lang.Thread.run(Thread.java:1623)

Oct 07, 2025 9:50:40 PM ai.glog.execute.workers.TriageAndRemediationCallableWorker isFalsePositive
SEVERE: next on empty iterator
java.util.NoSuchElementException: next on empty iterator
	at scala.collection.Iterator$$anon$19.next(Iterator.scala:973)
	at scala.collection.Iterator$$anon$19.next(Iterator.scala:971)
	at scala.collection.Iterator$$anon$6.next(Iterator.scala:492)
	at flatgraph.traversal.GenericSteps$.head$extension(Language.scala:80)
	at ai.glog.cpg.analysis.SinkAnalyzer$.getSink(SinkAnalyzer.scala:29)
	at ai.glog.cpg.analysis.SinkAnalyzer.getSink(SinkAnalyzer.scala)
	at ai.glog.reporting.Sarif.getSinkCpg(Sarif.java:187)
	at ai.glog.plugins.devskim.rules.resolve.DangerousCFunctionDetectedResolver.isFalsePositive(DangerousCFunctionDetectedResolver.java:22)
	at ai.glog.execute.workers.TriageAndRemediationCallableWorker.isFalsePositive(TriageAndRemediationCallableWorker.java:116)
	at ai.glog.execute.workers.TriageAndRemediationCallableWorker.call(TriageAndRemediationCallableWorker.java:66)
	at ai.glog.execute.workers.TriageAndRemediationCallableWorker.call(TriageAndRemediationCallableWorker.java:31)
	at java.base/java.util.concurrent.FutureTask.run(FutureTask.java:317)
	at java.base/java.util.concurrent.ThreadPoolExecutor.runWorker(ThreadPoolExecutor.java:1144)
	at java.base/java.util.concurrent.ThreadPoolExecutor$Worker.run(ThreadPoolExecutor.java:642)
	at java.base/java.lang.Thread.run(Thread.java:1623)

Oct 07, 2025 9:50:42 PM ai.glog.service.GlogService getFromGlog
SEVERE: java.lang.IllegalStateException: Expected BEGIN_OBJECT but was STRING at line 2 column 1 path $

<!doctype html>
<html lang="en">
<head>
  <title>Server Error (500)</title>
</head>
<body>
  <h1>Server Error (500)</h1><p></p>
</body>
</html>

com.google.gson.JsonSyntaxException: java.lang.IllegalStateException: Expected BEGIN_OBJECT but was STRING at line 2 column 1 path $
	at com.google.gson.internal.bind.ReflectiveTypeAdapterFactory$Adapter.read(ReflectiveTypeAdapterFactory.java:225)
	at com.google.gson.Gson.fromJson(Gson.java:991)
	at com.google.gson.Gson.fromJson(Gson.java:956)
	at com.google.gson.Gson.fromJson(Gson.java:905)
	at ai.glog.service.GlogService.getFromGlog(GlogService.java:174)
	at ai.glog.plugins.devskim.rules.resolve.MemcpyResolver.getDetailText(MemcpyResolver.java:60)
	at ai.glog.execute.workers.TriageAndRemediationCallableWorker.call(TriageAndRemediationCallableWorker.java:69)
	at ai.glog.execute.workers.TriageAndRemediationCallableWorker.call(TriageAndRemediationCallableWorker.java:31)
	at java.base/java.util.concurrent.FutureTask.run(FutureTask.java:317)
	at java.base/java.util.concurrent.ThreadPoolExecutor.runWorker(ThreadPoolExecutor.java:1144)
	at java.base/java.util.concurrent.ThreadPoolExecutor$Worker.run(ThreadPoolExecutor.java:642)
	at java.base/java.lang.Thread.run(Thread.java:1623)
Caused by: java.lang.IllegalStateException: Expected BEGIN_OBJECT but was STRING at line 2 column 1 path $
	at com.google.gson.stream.JsonReader.beginObject(JsonReader.java:385)
	at com.google.gson.internal.bind.ReflectiveTypeAdapterFactory$Adapter.read(ReflectiveTypeAdapterFactory.java:214)
	... 11 more

Oct 07, 2025 9:50:42 PM ai.glog.plugins.devskim.rules.resolve.MemcpyResolver getDetailText
SEVERE: Cannot invoke "ai.glog.context.miner.dto.CallRemediationDto.getRationale()" because "remediation" is null
java.lang.NullPointerException: Cannot invoke "ai.glog.context.miner.dto.CallRemediationDto.getRationale()" because "remediation" is null
	at ai.glog.plugins.devskim.rules.resolve.MemcpyResolver.getDetailText(MemcpyResolver.java:63)
	at ai.glog.execute.workers.TriageAndRemediationCallableWorker.call(TriageAndRemediationCallableWorker.java:69)
	at ai.glog.execute.workers.TriageAndRemediationCallableWorker.call(TriageAndRemediationCallableWorker.java:31)
	at java.base/java.util.concurrent.FutureTask.run(FutureTask.java:317)
	at java.base/java.util.concurrent.ThreadPoolExecutor.runWorker(ThreadPoolExecutor.java:1144)
	at java.base/java.util.concurrent.ThreadPoolExecutor$Worker.run(ThreadPoolExecutor.java:642)
	at java.base/java.lang.Thread.run(Thread.java:1623)

Oct 07, 2025 9:50:44 PM ai.glog.execute.workers.TriageAndRemediationCallableWorker isFalsePositive
SEVERE: {
  "ruleId" : "DS154189",
  "ruleIndex" : null,
  "rule" : null,
  "kind" : "FAIL",
  "level" : "WARNING",
  "message" : {
    "text" : "Banned C function detected",
    "markdown" : null,
    "id" : null,
    "arguments" : null,
    "properties" : null
  },
  "analysisTarget" : null,
  "locations" : [ {
    "id" : null,
    "physicalLocation" : {
      "address" : null,
      "artifactLocation" : {
        "uri" : "clients/rocblascommon/program_options.hpp",
        "uriBaseId" : null,
        "index" : null,
        "description" : null,
        "properties" : null
      },
      "region" : {
        "startLine" : 254,
        "startColumn" : 36,
        "endLine" : 254,
        "endColumn" : 42,
        "charOffset" : 7669,
        "charLength" : 6,
        "byteOffset" : null,
        "byteLength" : null,
        "snippet" : {
          "text" : "sscanf",
          "binary" : null,
          "rendered" : {
            "text" : "sscanf",
            "markdown" : "`sscanf`",
            "properties" : null
          },
          "properties" : null
        },
        "message" : null,
        "sourceLanguage" : "cpp",
        "properties" : null
      },
      "contextRegion" : null,
      "properties" : null
    },
    "logicalLocations" : null,
    "message" : null,
    "annotations" : null,
    "relationships" : null,
    "properties" : null
  } ],
  "guid" : null,
  "correlationGuid" : null,
  "occurrenceCount" : null,
  "partialFingerprints" : null,
  "fingerprints" : null,
  "stacks" : null,
  "codeFlows" : null,
  "graphs" : null,
  "graphTraversals" : null,
  "relatedLocations" : null,
  "suppressions" : null,
  "baselineState" : null,
  "rank" : null,
  "attachments" : null,
  "hostedViewerUri" : null,
  "workItemUris" : null,
  "provenance" : null,
  "fixes" : null,
  "taxa" : null,
  "webRequest" : null,
  "webResponse" : null,
  "properties" : {
    "DevSkimSeverity" : "Moderate",
    "DevSkimConfidence" : "High"
  }
}
java.util.NoSuchElementException: next on empty iterator
	at scala.collection.Iterator$$anon$19.next(Iterator.scala:973)
	at scala.collection.Iterator$$anon$19.next(Iterator.scala:971)
	at scala.collection.Iterator$$anon$6.next(Iterator.scala:492)
	at flatgraph.traversal.GenericSteps$.head$extension(Language.scala:80)
	at ai.glog.cpg.analysis.SinkAnalyzer$.getSink(SinkAnalyzer.scala:29)
	at ai.glog.cpg.analysis.SinkAnalyzer.getSink(SinkAnalyzer.scala)
	at ai.glog.reporting.Sarif.getSinkCpg(Sarif.java:187)
	at ai.glog.plugins.devskim.rules.resolve.DangerousCFunctionDetectedResolver.isFalsePositive(DangerousCFunctionDetectedResolver.java:22)
	at ai.glog.execute.workers.TriageAndRemediationCallableWorker.isFalsePositive(TriageAndRemediationCallableWorker.java:116)
	at ai.glog.execute.workers.TriageAndRemediationCallableWorker.call(TriageAndRemediationCallableWorker.java:66)
	at ai.glog.execute.workers.TriageAndRemediationCallableWorker.call(TriageAndRemediationCallableWorker.java:31)
	at java.base/java.util.concurrent.FutureTask.run(FutureTask.java:317)
	at java.base/java.util.concurrent.ThreadPoolExecutor.runWorker(ThreadPoolExecutor.java:1144)
	at java.base/java.util.concurrent.ThreadPoolExecutor$Worker.run(ThreadPoolExecutor.java:642)
	at java.base/java.lang.Thread.run(Thread.java:1623)

Oct 07, 2025 9:50:44 PM ai.glog.execute.workers.TriageAndRemediationCallableWorker isFalsePositive
SEVERE: next on empty iterator
java.util.NoSuchElementException: next on empty iterator
	at scala.collection.Iterator$$anon$19.next(Iterator.scala:973)
	at scala.collection.Iterator$$anon$19.next(Iterator.scala:971)
	at scala.collection.Iterator$$anon$6.next(Iterator.scala:492)
	at flatgraph.traversal.GenericSteps$.head$extension(Language.scala:80)
	at ai.glog.cpg.analysis.SinkAnalyzer$.getSink(SinkAnalyzer.scala:29)
	at ai.glog.cpg.analysis.SinkAnalyzer.getSink(SinkAnalyzer.scala)
	at ai.glog.reporting.Sarif.getSinkCpg(Sarif.java:187)
	at ai.glog.plugins.devskim.rules.resolve.DangerousCFunctionDetectedResolver.isFalsePositive(DangerousCFunctionDetectedResolver.java:22)
	at ai.glog.execute.workers.TriageAndRemediationCallableWorker.isFalsePositive(TriageAndRemediationCallableWorker.java:116)
	at ai.glog.execute.workers.TriageAndRemediationCallableWorker.call(TriageAndRemediationCallableWorker.java:66)
	at ai.glog.execute.workers.TriageAndRemediationCallableWorker.call(TriageAndRemediationCallableWorker.java:31)
	at java.base/java.util.concurrent.FutureTask.run(FutureTask.java:317)
	at java.base/java.util.concurrent.ThreadPoolExecutor.runWorker(ThreadPoolExecutor.java:1144)
	at java.base/java.util.concurrent.ThreadPoolExecutor$Worker.run(ThreadPoolExecutor.java:642)
	at java.base/java.lang.Thread.run(Thread.java:1623)

Oct 07, 2025 9:50:44 PM ai.glog.execute.workers.TriageAndRemediationCallableWorker isFalsePositive
SEVERE: {
  "ruleId" : "DS154189",
  "ruleIndex" : null,
  "rule" : null,
  "kind" : "FAIL",
  "level" : "WARNING",
  "message" : {
    "text" : "Banned C function detected",
    "markdown" : null,
    "id" : null,
    "arguments" : null,
    "properties" : null
  },
  "analysisTarget" : null,
  "locations" : [ {
    "id" : null,
    "physicalLocation" : {
      "address" : null,
      "artifactLocation" : {
        "uri" : "clients/rocblascommon/program_options.hpp",
        "uriBaseId" : null,
        "index" : null,
        "description" : null,
        "properties" : null
      },
      "region" : {
        "startLine" : 248,
        "startColumn" : 36,
        "endLine" : 248,
        "endColumn" : 42,
        "charOffset" : 7400,
        "charLength" : 6,
        "byteOffset" : null,
        "byteLength" : null,
        "snippet" : {
          "text" : "sscanf",
          "binary" : null,
          "rendered" : {
            "text" : "sscanf",
            "markdown" : "`sscanf`",
            "properties" : null
          },
          "properties" : null
        },
        "message" : null,
        "sourceLanguage" : "cpp",
        "properties" : null
      },
      "contextRegion" : null,
      "properties" : null
    },
    "logicalLocations" : null,
    "message" : null,
    "annotations" : null,
    "relationships" : null,
    "properties" : null
  } ],
  "guid" : null,
  "correlationGuid" : null,
  "occurrenceCount" : null,
  "partialFingerprints" : null,
  "fingerprints" : null,
  "stacks" : null,
  "codeFlows" : null,
  "graphs" : null,
  "graphTraversals" : null,
  "relatedLocations" : null,
  "suppressions" : null,
  "baselineState" : null,
  "rank" : null,
  "attachments" : null,
  "hostedViewerUri" : null,
  "workItemUris" : null,
  "provenance" : null,
  "fixes" : null,
  "taxa" : null,
  "webRequest" : null,
  "webResponse" : null,
  "properties" : {
    "DevSkimSeverity" : "Moderate",
    "DevSkimConfidence" : "High"
  }
}
java.util.NoSuchElementException: next on empty iterator
	at scala.collection.Iterator$$anon$19.next(Iterator.scala:973)
	at scala.collection.Iterator$$anon$19.next(Iterator.scala:971)
	at scala.collection.Iterator$$anon$6.next(Iterator.scala:492)
	at flatgraph.traversal.GenericSteps$.head$extension(Language.scala:80)
	at ai.glog.cpg.analysis.SinkAnalyzer$.getSink(SinkAnalyzer.scala:29)
	at ai.glog.cpg.analysis.SinkAnalyzer.getSink(SinkAnalyzer.scala)
	at ai.glog.reporting.Sarif.getSinkCpg(Sarif.java:187)
	at ai.glog.plugins.devskim.rules.resolve.DangerousCFunctionDetectedResolver.isFalsePositive(DangerousCFunctionDetectedResolver.java:22)
	at ai.glog.execute.workers.TriageAndRemediationCallableWorker.isFalsePositive(TriageAndRemediationCallableWorker.java:116)
	at ai.glog.execute.workers.TriageAndRemediationCallableWorker.call(TriageAndRemediationCallableWorker.java:66)
	at ai.glog.execute.workers.TriageAndRemediationCallableWorker.call(TriageAndRemediationCallableWorker.java:31)
	at java.base/java.util.concurrent.FutureTask.run(FutureTask.java:317)
	at java.base/java.util.concurrent.ThreadPoolExecutor.runWorker(ThreadPoolExecutor.java:1144)
	at java.base/java.util.concurrent.ThreadPoolExecutor$Worker.run(ThreadPoolExecutor.java:642)
	at java.base/java.lang.Thread.run(Thread.java:1623)

Oct 07, 2025 9:50:44 PM ai.glog.execute.workers.TriageAndRemediationCallableWorker isFalsePositive
SEVERE: next on empty iterator
java.util.NoSuchElementException: next on empty iterator
	at scala.collection.Iterator$$anon$19.next(Iterator.scala:973)
	at scala.collection.Iterator$$anon$19.next(Iterator.scala:971)
	at scala.collection.Iterator$$anon$6.next(Iterator.scala:492)
	at flatgraph.traversal.GenericSteps$.head$extension(Language.scala:80)
	at ai.glog.cpg.analysis.SinkAnalyzer$.getSink(SinkAnalyzer.scala:29)
	at ai.glog.cpg.analysis.SinkAnalyzer.getSink(SinkAnalyzer.scala)
	at ai.glog.reporting.Sarif.getSinkCpg(Sarif.java:187)
	at ai.glog.plugins.devskim.rules.resolve.DangerousCFunctionDetectedResolver.isFalsePositive(DangerousCFunctionDetectedResolver.java:22)
	at ai.glog.execute.workers.TriageAndRemediationCallableWorker.isFalsePositive(TriageAndRemediationCallableWorker.java:116)
	at ai.glog.execute.workers.TriageAndRemediationCallableWorker.call(TriageAndRemediationCallableWorker.java:66)
	at ai.glog.execute.workers.TriageAndRemediationCallableWorker.call(TriageAndRemediationCallableWorker.java:31)
	at java.base/java.util.concurrent.FutureTask.run(FutureTask.java:317)
	at java.base/java.util.concurrent.ThreadPoolExecutor.runWorker(ThreadPoolExecutor.java:1144)
	at java.base/java.util.concurrent.ThreadPoolExecutor$Worker.run(ThreadPoolExecutor.java:642)
	at java.base/java.lang.Thread.run(Thread.java:1623)

Oct 07, 2025 9:50:44 PM ai.glog.execute.workers.TriageAndRemediationCallableWorker isFalsePositive
SEVERE: {
  "ruleId" : "DS154189",
  "ruleIndex" : null,
  "rule" : null,
  "kind" : "FAIL",
  "level" : "WARNING",
  "message" : {
    "text" : "Banned C function detected",
    "markdown" : null,
    "id" : null,
    "arguments" : null,
    "properties" : null
  },
  "analysisTarget" : null,
  "locations" : [ {
    "id" : null,
    "physicalLocation" : {
      "address" : null,
      "artifactLocation" : {
        "uri" : "clients/rocblascommon/program_options.hpp",
        "uriBaseId" : null,
        "index" : null,
        "description" : null,
        "properties" : null
      },
      "region" : {
        "startLine" : 242,
        "startColumn" : 36,
        "endLine" : 242,
        "endColumn" : 42,
        "charOffset" : 7133,
        "charLength" : 6,
        "byteOffset" : null,
        "byteLength" : null,
        "snippet" : {
          "text" : "sscanf",
          "binary" : null,
          "rendered" : {
            "text" : "sscanf",
            "markdown" : "`sscanf`",
            "properties" : null
          },
          "properties" : null
        },
        "message" : null,
        "sourceLanguage" : "cpp",
        "properties" : null
      },
      "contextRegion" : null,
      "properties" : null
    },
    "logicalLocations" : null,
    "message" : null,
    "annotations" : null,
    "relationships" : null,
    "properties" : null
  } ],
  "guid" : null,
  "correlationGuid" : null,
  "occurrenceCount" : null,
  "partialFingerprints" : null,
  "fingerprints" : null,
  "stacks" : null,
  "codeFlows" : null,
  "graphs" : null,
  "graphTraversals" : null,
  "relatedLocations" : null,
  "suppressions" : null,
  "baselineState" : null,
  "rank" : null,
  "attachments" : null,
  "hostedViewerUri" : null,
  "workItemUris" : null,
  "provenance" : null,
  "fixes" : null,
  "taxa" : null,
  "webRequest" : null,
  "webResponse" : null,
  "properties" : {
    "DevSkimSeverity" : "Moderate",
    "DevSkimConfidence" : "High"
  }
}
java.util.NoSuchElementException: next on empty iterator
	at scala.collection.Iterator$$anon$19.next(Iterator.scala:973)
	at scala.collection.Iterator$$anon$19.next(Iterator.scala:971)
	at scala.collection.Iterator$$anon$6.next(Iterator.scala:492)
	at flatgraph.traversal.GenericSteps$.head$extension(Language.scala:80)
	at ai.glog.cpg.analysis.SinkAnalyzer$.getSink(SinkAnalyzer.scala:29)
	at ai.glog.cpg.analysis.SinkAnalyzer.getSink(SinkAnalyzer.scala)
	at ai.glog.reporting.Sarif.getSinkCpg(Sarif.java:187)
	at ai.glog.plugins.devskim.rules.resolve.DangerousCFunctionDetectedResolver.isFalsePositive(DangerousCFunctionDetectedResolver.java:22)
	at ai.glog.execute.workers.TriageAndRemediationCallableWorker.isFalsePositive(TriageAndRemediationCallableWorker.java:116)
	at ai.glog.execute.workers.TriageAndRemediationCallableWorker.call(TriageAndRemediationCallableWorker.java:66)
	at ai.glog.execute.workers.TriageAndRemediationCallableWorker.call(TriageAndRemediationCallableWorker.java:31)
	at java.base/java.util.concurrent.FutureTask.run(FutureTask.java:317)
	at java.base/java.util.concurrent.ThreadPoolExecutor.runWorker(ThreadPoolExecutor.java:1144)
	at java.base/java.util.concurrent.ThreadPoolExecutor$Worker.run(ThreadPoolExecutor.java:642)
	at java.base/java.lang.Thread.run(Thread.java:1623)

Oct 07, 2025 9:50:44 PM ai.glog.execute.workers.TriageAndRemediationCallableWorker isFalsePositive
SEVERE: next on empty iterator
java.util.NoSuchElementException: next on empty iterator
	at scala.collection.Iterator$$anon$19.next(Iterator.scala:973)
	at scala.collection.Iterator$$anon$19.next(Iterator.scala:971)
	at scala.collection.Iterator$$anon$6.next(Iterator.scala:492)
	at flatgraph.traversal.GenericSteps$.head$extension(Language.scala:80)
	at ai.glog.cpg.analysis.SinkAnalyzer$.getSink(SinkAnalyzer.scala:29)
	at ai.glog.cpg.analysis.SinkAnalyzer.getSink(SinkAnalyzer.scala)
	at ai.glog.reporting.Sarif.getSinkCpg(Sarif.java:187)
	at ai.glog.plugins.devskim.rules.resolve.DangerousCFunctionDetectedResolver.isFalsePositive(DangerousCFunctionDetectedResolver.java:22)
	at ai.glog.execute.workers.TriageAndRemediationCallableWorker.isFalsePositive(TriageAndRemediationCallableWorker.java:116)
	at ai.glog.execute.workers.TriageAndRemediationCallableWorker.call(TriageAndRemediationCallableWorker.java:66)
	at ai.glog.execute.workers.TriageAndRemediationCallableWorker.call(TriageAndRemediationCallableWorker.java:31)
	at java.base/java.util.concurrent.FutureTask.run(FutureTask.java:317)
	at java.base/java.util.concurrent.ThreadPoolExecutor.runWorker(ThreadPoolExecutor.java:1144)
	at java.base/java.util.concurrent.ThreadPoolExecutor$Worker.run(ThreadPoolExecutor.java:642)
	at java.base/java.lang.Thread.run(Thread.java:1623)

Oct 07, 2025 9:50:44 PM ai.glog.execute.workers.TriageAndRemediationCallableWorker isFalsePositive
SEVERE: {
  "ruleId" : "DS154189",
  "ruleIndex" : null,
  "rule" : null,
  "kind" : "FAIL",
  "level" : "WARNING",
  "message" : {
    "text" : "Banned C function detected",
    "markdown" : null,
    "id" : null,
    "arguments" : null,
    "properties" : null
  },
  "analysisTarget" : null,
  "locations" : [ {
    "id" : null,
    "physicalLocation" : {
      "address" : null,
      "artifactLocation" : {
        "uri" : "clients/rocblascommon/program_options.hpp",
        "uriBaseId" : null,
        "index" : null,
        "description" : null,
        "properties" : null
      },
      "region" : {
        "startLine" : 236,
        "startColumn" : 36,
        "endLine" : 236,
        "endColumn" : 42,
        "charOffset" : 6864,
        "charLength" : 6,
        "byteOffset" : null,
        "byteLength" : null,
        "snippet" : {
          "text" : "sscanf",
          "binary" : null,
          "rendered" : {
            "text" : "sscanf",
            "markdown" : "`sscanf`",
            "properties" : null
          },
          "properties" : null
        },
        "message" : null,
        "sourceLanguage" : "cpp",
        "properties" : null
      },
      "contextRegion" : null,
      "properties" : null
    },
    "logicalLocations" : null,
    "message" : null,
    "annotations" : null,
    "relationships" : null,
    "properties" : null
  } ],
  "guid" : null,
  "correlationGuid" : null,
  "occurrenceCount" : null,
  "partialFingerprints" : null,
  "fingerprints" : null,
  "stacks" : null,
  "codeFlows" : null,
  "graphs" : null,
  "graphTraversals" : null,
  "relatedLocations" : null,
  "suppressions" : null,
  "baselineState" : null,
  "rank" : null,
  "attachments" : null,
  "hostedViewerUri" : null,
  "workItemUris" : null,
  "provenance" : null,
  "fixes" : null,
  "taxa" : null,
  "webRequest" : null,
  "webResponse" : null,
  "properties" : {
    "DevSkimSeverity" : "Moderate",
    "DevSkimConfidence" : "High"
  }
}
java.util.NoSuchElementException: next on empty iterator
	at scala.collection.Iterator$$anon$19.next(Iterator.scala:973)
	at scala.collection.Iterator$$anon$19.next(Iterator.scala:971)
	at scala.collection.Iterator$$anon$6.next(Iterator.scala:492)
	at flatgraph.traversal.GenericSteps$.head$extension(Language.scala:80)
	at ai.glog.cpg.analysis.SinkAnalyzer$.getSink(SinkAnalyzer.scala:29)
	at ai.glog.cpg.analysis.SinkAnalyzer.getSink(SinkAnalyzer.scala)
	at ai.glog.reporting.Sarif.getSinkCpg(Sarif.java:187)
	at ai.glog.plugins.devskim.rules.resolve.DangerousCFunctionDetectedResolver.isFalsePositive(DangerousCFunctionDetectedResolver.java:22)
	at ai.glog.execute.workers.TriageAndRemediationCallableWorker.isFalsePositive(TriageAndRemediationCallableWorker.java:116)
	at ai.glog.execute.workers.TriageAndRemediationCallableWorker.call(TriageAndRemediationCallableWorker.java:66)
	at ai.glog.execute.workers.TriageAndRemediationCallableWorker.call(TriageAndRemediationCallableWorker.java:31)
	at java.base/java.util.concurrent.FutureTask.run(FutureTask.java:317)
	at java.base/java.util.concurrent.ThreadPoolExecutor.runWorker(ThreadPoolExecutor.java:1144)
	at java.base/java.util.concurrent.ThreadPoolExecutor$Worker.run(ThreadPoolExecutor.java:642)
	at java.base/java.lang.Thread.run(Thread.java:1623)

Oct 07, 2025 9:50:44 PM ai.glog.execute.workers.TriageAndRemediationCallableWorker isFalsePositive
SEVERE: next on empty iterator
java.util.NoSuchElementException: next on empty iterator
	at scala.collection.Iterator$$anon$19.next(Iterator.scala:973)
	at scala.collection.Iterator$$anon$19.next(Iterator.scala:971)
	at scala.collection.Iterator$$anon$6.next(Iterator.scala:492)
	at flatgraph.traversal.GenericSteps$.head$extension(Language.scala:80)
	at ai.glog.cpg.analysis.SinkAnalyzer$.getSink(SinkAnalyzer.scala:29)
	at ai.glog.cpg.analysis.SinkAnalyzer.getSink(SinkAnalyzer.scala)
	at ai.glog.reporting.Sarif.getSinkCpg(Sarif.java:187)
	at ai.glog.plugins.devskim.rules.resolve.DangerousCFunctionDetectedResolver.isFalsePositive(DangerousCFunctionDetectedResolver.java:22)
	at ai.glog.execute.workers.TriageAndRemediationCallableWorker.isFalsePositive(TriageAndRemediationCallableWorker.java:116)
	at ai.glog.execute.workers.TriageAndRemediationCallableWorker.call(TriageAndRemediationCallableWorker.java:66)
	at ai.glog.execute.workers.TriageAndRemediationCallableWorker.call(TriageAndRemediationCallableWorker.java:31)
	at java.base/java.util.concurrent.FutureTask.run(FutureTask.java:317)
	at java.base/java.util.concurrent.ThreadPoolExecutor.runWorker(ThreadPoolExecutor.java:1144)
	at java.base/java.util.concurrent.ThreadPoolExecutor$Worker.run(ThreadPoolExecutor.java:642)
	at java.base/java.lang.Thread.run(Thread.java:1623)

